******************************************************************************
                  TI ARM Linker PC v20.2.4                     
******************************************************************************
>> Linked Fri Mar 26 13:22:21 2021

OUTPUT FILE NAME:   <Lab9p3.out>
ENTRY POINT SYMBOL: "_c_int00_noargs"  address: 00000a9d


MEMORY CONFIGURATION

         name            origin    length      used     unused   attr    fill
----------------------  --------  ---------  --------  --------  ----  --------
  MAIN                  00000000   00040000  00000b40  0003f4c0  R  X
  INFO                  00200000   00004000  00000000  00004000  R  X
  SRAM_CODE             01000000   00010000  00000612  0000f9ee  RW X
  SRAM_DATA             20000000   00010000  00000612  0000f9ee  RW  


SEGMENT ALLOCATION MAP

run origin  load origin   length   init length attrs members
----------  ----------- ---------- ----------- ----- -------
00000000    00000000    00000b40   00000b40    r-x
  00000000    00000000    000000e4   000000e4    r-- .intvecs
  000000e4    000000e4    00000a2c   00000a2c    r-x .text
  00000b10    00000b10    00000030   00000030    r-- .cinit
20000000    20000000    00000412   00000000    rw-
  20000000    20000000    00000400   00000000    rw- .sysmem
  20000400    20000400    00000010   00000000    rw- .data
  20000410    20000410    00000002   00000000    rw- .bss
2000fe00    2000fe00    00000200   00000000    rw-
  2000fe00    2000fe00    00000200   00000000    rw- .stack


SECTION ALLOCATION MAP

 output                                  attributes/
section   page    origin      length       input sections
--------  ----  ----------  ----------   ----------------
.intvecs   0    00000000    000000e4     
                  00000000    000000e4     startup_msp432p401r_ccs.obj (.intvecs:retain)

.text      0    000000e4    00000a2c     
                  000000e4    00000334     system_msp432p401r.obj (.text)
                  00000418    00000284     main3.obj (.text)
                  0000069c    00000160     MyTimer.obj (.text)
                  000007fc    00000158     MySetup.obj (.text)
                  00000954    0000009c     rtsv7M4_T_le_v4SPD16_eabi.lib : memcpy_t2.asm.obj (.text)
                  000009f0    00000068                                   : copy_decompress_lzss.c.obj (.text:decompress:lzss:__TI_decompress_lzss)
                  00000a58    00000044                                   : autoinit.c.obj (.text:__TI_auto_init_nobinit_nopinit:__TI_auto_init_nobinit_nopinit)
                  00000a9c    00000034                                   : boot_cortex_m.c.obj (.text:_c_int00_noargs:_c_int00_noargs)
                  00000ad0    0000001c                                   : copy_zero_init.c.obj (.text:decompress:ZI:__TI_zero_init_nomemset:__TI_zero_init_nomemset)
                  00000aec    0000000e                                   : copy_decompress_none.c.obj (.text:decompress:none:__TI_decompress_none)
                  00000afa    0000000e     startup_msp432p401r_ccs.obj (.text)
                  00000b08    00000004     rtsv7M4_T_le_v4SPD16_eabi.lib : pre_init.c.obj (.text:_system_pre_init)
                  00000b0c    00000004                                   : exit.c.obj (.text:abort:abort)

.cinit     0    00000b10    00000030     
                  00000b10    0000000c     (__TI_handler_table)
                  00000b1c    0000000b     (.cinit..data.load) [load image, compression = lzss]
                  00000b27    00000001     --HOLE-- [fill = 0]
                  00000b28    00000008     (.cinit..bss.load) [load image, compression = zero_init]
                  00000b30    00000010     (__TI_cinit_table)

.init_array 
*          0    00000000    00000000     UNINITIALIZED

.binit     0    00000000    00000000     

.sysmem    0    20000000    00000400     UNINITIALIZED
                  20000000    00000010     rtsv7M4_T_le_v4SPD16_eabi.lib : memory.c.obj (.sysmem)
                  20000010    000003f0     --HOLE--

.data      0    20000400    00000010     UNINITIALIZED
                  20000400    0000000c     main3.obj (.data)
                  2000040c    00000004     system_msp432p401r.obj (.data)

.bss       0    20000410    00000002     UNINITIALIZED
                  20000410    00000002     (.common:periodGlobal)

.stack     0    2000fe00    00000200     UNINITIALIZED
                  2000fe00    00000004     rtsv7M4_T_le_v4SPD16_eabi.lib : boot_cortex_m.c.obj (.stack)
                  2000fe04    000001fc     --HOLE--

__llvm_prf_cnts 
*          0    20000000    00000000     UNINITIALIZED

MODULE SUMMARY

       Module                        code   ro data   rw data
       ------                        ----   -------   -------
    .\
       system_msp432p401r.obj        820    0         8      
       main3.obj                     644    0         24     
       MyTimer.obj                   352    0         4      
       MySetup.obj                   344    0         0      
       startup_msp432p401r_ccs.obj   14     228       0      
    +--+-----------------------------+------+---------+---------+
       Total:                        2174   228       36     
                                                             
    C:\ti\ccs1020\ccs\tools\compiler\ti-cgt-arm_20.2.4.LTS\lib\rtsv7M4_T_le_v4SPD16_eabi.lib
       memcpy_t2.asm.obj             156    0         0      
       copy_decompress_lzss.c.obj    104    0         0      
       autoinit.c.obj                68     0         0      
       boot_cortex_m.c.obj           52     0         0      
       copy_zero_init.c.obj          28     0         0      
       copy_decompress_none.c.obj    14     0         0      
       exit.c.obj                    4      0         0      
       pre_init.c.obj                4      0         0      
    +--+-----------------------------+------+---------+---------+
       Total:                        430    0         0      
                                                             
       Heap:                         0      0         2048   
       Stack:                        0      0         1024   
       Linker Generated:             0      47        0      
    +--+-----------------------------+------+---------+---------+
       Grand Total:                  2604   275       3108   


LINKER GENERATED COPY TABLES

__TI_cinit_table @ 00000b30 records: 2, size/record: 8, table size: 16
	.data: load addr=00000b1c, load size=0000000b bytes, run addr=20000400, run size=00000010 bytes, compression=lzss
	.bss: load addr=00000b28, load size=00000008 bytes, run addr=20000410, run size=00000002 bytes, compression=zero_init


LINKER GENERATED HANDLER TABLE

__TI_handler_table @ 00000b10 records: 3, size/record: 4, table size: 12
	index: 0, handler: __TI_decompress_lzss
	index: 1, handler: __TI_decompress_none
	index: 2, handler: __TI_zero_init


GLOBAL SYMBOLS: SORTED ALPHABETICALLY BY Name 

address   name                          
-------   ----                          
00000b07  ADC14_IRQHandler              
00000b07  AES256_IRQHandler             
00000b07  BusFault_Handler              
00000b0d  C$$EXIT                       
00000b07  COMP_E0_IRQHandler            
00000b07  COMP_E1_IRQHandler            
00000b07  CS_IRQHandler                 
00000b07  DMA_ERR_IRQHandler            
00000b07  DMA_INT0_IRQHandler           
00000b07  DMA_INT1_IRQHandler           
00000b07  DMA_INT2_IRQHandler           
00000b07  DMA_INT3_IRQHandler           
00000b07  DebugMon_Handler              
00000b07  Default_Handler               
00000b07  EUSCIA0_IRQHandler            
00000b07  EUSCIA1_IRQHandler            
00000b07  EUSCIA2_IRQHandler            
00000b07  EUSCIA3_IRQHandler            
00000b07  EUSCIB0_IRQHandler            
00000b07  EUSCIB1_IRQHandler            
00000b07  EUSCIB2_IRQHandler            
00000b07  EUSCIB3_IRQHandler            
00000b07  FLCTL_IRQHandler              
00000b07  FPU_IRQHandler                
00000b07  HardFault_Handler             
00000b07  MemManage_Handler             
00000b07  NMI_Handler                   
00000b07  PCM_IRQHandler                
00000b07  PORT1_IRQHandler              
000004d9  PORT2_IRQHandler              
000004d9  PORT2_IRQHandler              
00000b07  PORT3_IRQHandler              
00000b07  PORT4_IRQHandler              
00000b07  PORT5_IRQHandler              
00000b07  PORT6_IRQHandler              
00000b07  PSS_IRQHandler                
00000b07  PendSV_Handler                
00000445  Port2Init                     
0000050b  Port4Init                     
00000b07  RTC_C_IRQHandler              
00000afb  Reset_Handler                 
00000b07  SVC_Handler                   
000007a5  SysTickDelay                  
00000789  SysTickInit                   
00000b07  SysTick_Handler               
2000040c  SystemCoreClock               
000000e5  SystemCoreClockUpdate         
0000035d  SystemInit                    
00000b07  T32_INT1_IRQHandler           
00000b07  T32_INT2_IRQHandler           
00000b07  T32_INTC_IRQHandler           
00000b07  TA0_0_IRQHandler              
00000b07  TA0_N_IRQHandler              
00000b07  TA1_0_IRQHandler              
00000b07  TA1_N_IRQHandler              
00000b07  TA2_0_IRQHandler              
00000b07  TA2_N_IRQHandler              
00000b07  TA3_0_IRQHandler              
00000b07  TA3_N_IRQHandler              
0000069d  TimerAInit                    
000006f9  TimerASetDutyCycle            
0000070d  TimerASetMotorSpeed           
000006db  TimerASetPeriod               
00000737  TimerAStopMotor               
00000b07  UsageFault_Handler            
4000480c  WDTCTL_SYM                    
00000b07  WDT_A_IRQHandler              
20010000  __STACK_END                   
00000200  __STACK_SIZE                  
00000400  __SYSMEM_SIZE                 
00000b30  __TI_CINIT_Base               
00000b40  __TI_CINIT_Limit              
00000b10  __TI_Handler_Table_Base       
00000b1c  __TI_Handler_Table_Limit      
00000a59  __TI_auto_init_nobinit_nopinit
000009f1  __TI_decompress_lzss          
00000aed  __TI_decompress_none          
ffffffff  __TI_pprof_out_hndl           
ffffffff  __TI_prof_data_size           
ffffffff  __TI_prof_data_start          
00000000  __TI_static_base__            
00000ad1  __TI_zero_init_nomemset       
00000955  __aeabi_memcpy                
00000955  __aeabi_memcpy4               
00000955  __aeabi_memcpy8               
ffffffff  __binit__                     
ffffffff  __c_args__                    
UNDEFED   __mpu_init                    
2000fe00  __stack                       
20000000  __start___llvm_prf_cnts       
20000000  __stop___llvm_prf_cnts        
00000a9d  _c_int00_noargs               
20000000  _sys_memory                   
UNDEFED   _system_post_cinit            
00000b09  _system_pre_init              
00000b0d  abort                         
ffffffff  binit                         
20000404  digitDn                       
20000408  digitOut                      
20000400  digitUp                       
00000537  displayLED                    
00000000  interruptVectors              
000005d1  main                          
00000955  memcpy                        
0000073f  microDelay                    
00000763  msDelay                       
20000410  periodGlobal                  
000007fd  setupIO                       


GLOBAL SYMBOLS: SORTED BY Symbol Address 

address   name                          
-------   ----                          
00000000  __TI_static_base__            
00000000  interruptVectors              
000000e5  SystemCoreClockUpdate         
00000200  __STACK_SIZE                  
0000035d  SystemInit                    
00000400  __SYSMEM_SIZE                 
00000445  Port2Init                     
000004d9  PORT2_IRQHandler              
000004d9  PORT2_IRQHandler              
0000050b  Port4Init                     
00000537  displayLED                    
000005d1  main                          
0000069d  TimerAInit                    
000006db  TimerASetPeriod               
000006f9  TimerASetDutyCycle            
0000070d  TimerASetMotorSpeed           
00000737  TimerAStopMotor               
0000073f  microDelay                    
00000763  msDelay                       
00000789  SysTickInit                   
000007a5  SysTickDelay                  
000007fd  setupIO                       
00000955  __aeabi_memcpy                
00000955  __aeabi_memcpy4               
00000955  __aeabi_memcpy8               
00000955  memcpy                        
000009f1  __TI_decompress_lzss          
00000a59  __TI_auto_init_nobinit_nopinit
00000a9d  _c_int00_noargs               
00000ad1  __TI_zero_init_nomemset       
00000aed  __TI_decompress_none          
00000afb  Reset_Handler                 
00000b07  ADC14_IRQHandler              
00000b07  AES256_IRQHandler             
00000b07  BusFault_Handler              
00000b07  COMP_E0_IRQHandler            
00000b07  COMP_E1_IRQHandler            
00000b07  CS_IRQHandler                 
00000b07  DMA_ERR_IRQHandler            
00000b07  DMA_INT0_IRQHandler           
00000b07  DMA_INT1_IRQHandler           
00000b07  DMA_INT2_IRQHandler           
00000b07  DMA_INT3_IRQHandler           
00000b07  DebugMon_Handler              
00000b07  Default_Handler               
00000b07  EUSCIA0_IRQHandler            
00000b07  EUSCIA1_IRQHandler            
00000b07  EUSCIA2_IRQHandler            
00000b07  EUSCIA3_IRQHandler            
00000b07  EUSCIB0_IRQHandler            
00000b07  EUSCIB1_IRQHandler            
00000b07  EUSCIB2_IRQHandler            
00000b07  EUSCIB3_IRQHandler            
00000b07  FLCTL_IRQHandler              
00000b07  FPU_IRQHandler                
00000b07  HardFault_Handler             
00000b07  MemManage_Handler             
00000b07  NMI_Handler                   
00000b07  PCM_IRQHandler                
00000b07  PORT1_IRQHandler              
00000b07  PORT3_IRQHandler              
00000b07  PORT4_IRQHandler              
00000b07  PORT5_IRQHandler              
00000b07  PORT6_IRQHandler              
00000b07  PSS_IRQHandler                
00000b07  PendSV_Handler                
00000b07  RTC_C_IRQHandler              
00000b07  SVC_Handler                   
00000b07  SysTick_Handler               
00000b07  T32_INT1_IRQHandler           
00000b07  T32_INT2_IRQHandler           
00000b07  T32_INTC_IRQHandler           
00000b07  TA0_0_IRQHandler              
00000b07  TA0_N_IRQHandler              
00000b07  TA1_0_IRQHandler              
00000b07  TA1_N_IRQHandler              
00000b07  TA2_0_IRQHandler              
00000b07  TA2_N_IRQHandler              
00000b07  TA3_0_IRQHandler              
00000b07  TA3_N_IRQHandler              
00000b07  UsageFault_Handler            
00000b07  WDT_A_IRQHandler              
00000b09  _system_pre_init              
00000b0d  C$$EXIT                       
00000b0d  abort                         
00000b10  __TI_Handler_Table_Base       
00000b1c  __TI_Handler_Table_Limit      
00000b30  __TI_CINIT_Base               
00000b40  __TI_CINIT_Limit              
20000000  __start___llvm_prf_cnts       
20000000  __stop___llvm_prf_cnts        
20000000  _sys_memory                   
20000400  digitUp                       
20000404  digitDn                       
20000408  digitOut                      
2000040c  SystemCoreClock               
20000410  periodGlobal                  
2000fe00  __stack                       
20010000  __STACK_END                   
4000480c  WDTCTL_SYM                    
ffffffff  __TI_pprof_out_hndl           
ffffffff  __TI_prof_data_size           
ffffffff  __TI_prof_data_start          
ffffffff  __binit__                     
ffffffff  __c_args__                    
ffffffff  binit                         
UNDEFED   __mpu_init                    
UNDEFED   _system_post_cinit            

[108 symbols]
